// Jest Snapshot v1, https://goo.gl/fbAQLP

exports[`Timer widget renders without crashing 1`] = `ShallowWrapper {}`;
